138 1920 2402 4924 6924 6934 6968 
8603 7235 5639 3177 2173 
