276 344 346 378 1186 1556 1890 2014 2254 2262 2332 2444 2468 3026 3208 3640 3676 3824 4034 4446 4452 4494 5240 5306 5560 5588 5952 6182 6216 6258 7040 7070 7360 7536 7604 7714 7876 8010 8600 9252 9390 9624 9728 9780 9854 
9803 9671 9427 8359 8333 8231 8059 8007 7667 7413 6567 6457 5739 5127 5075 4671 4521 4461 4203 3973 3567 3317 2975 2785 2087 889 855 315 257 
