102 154 206 522 886 1630 2020 2346 2580 2702 3118 3508 4388 4404 4448 5482 5742 6476 6514 6712 6842 6968 7276 7704 7850 8374 8566 8868 9332 9720 9778 9956 
9951 9127 8881 8163 8091 7973 7325 7075 7007 6467 6099 5939 5667 5259 5079 5005 4033 4011 3035 2827 2555 2397 1577 1489 1423 1199 1109 879 121 63 
